// Jest Snapshot v1, https://goo.gl/fbAQLP

exports[`swapTokenOptions selectSwapTokenOptions should return swap options 1`] = `
Array [
  Object {
    "ecosystemId": "solana",
    "tokenConfig": Object {
      "id": "testnet-solana-usdc-v2",
      "nativeDetails": Object {
        "address": "6iSRgpK4oiqJZuhpLsTecW3n9xBKUq9N3VPQN7RinYwq",
        "decimals": 6,
      },
      "nativeEcosystemId": "solana",
      "projectId": "usdc",
      "wrappedDetails": Map {},
    },
  },
  Object {
    "ecosystemId": "solana",
    "tokenConfig": Object {
      "id": "testnet-solana-usdt-v2",
      "nativeDetails": Object {
        "address": "8VbikoRxEoyYzTDzDcPTSsGk2E5mM7fK1WrVpKrVd75M",
        "decimals": 6,
      },
      "nativeEcosystemId": "solana",
      "projectId": "usdt",
      "wrappedDetails": Map {},
    },
  },
  Object {
    "ecosystemId": "ethereum",
    "tokenConfig": Object {
      "id": "testnet-ethereum-usdc",
      "nativeDetails": Object {
        "address": "0x45B167CF5b14007Ca0490dCfB7C4B870Ec0C0Aa6",
        "decimals": 6,
      },
      "nativeEcosystemId": "ethereum",
      "projectId": "usdc",
      "wrappedDetails": Map {
        "solana" => Object {
          "address": "7Lf95y8NuCU5RRC95oUtbBtckPAtbr9ubTgrCiyZ1kEf",
          "decimals": 6,
        },
      },
    },
  },
  Object {
    "ecosystemId": "ethereum",
    "tokenConfig": Object {
      "id": "testnet-ethereum-usdt",
      "nativeDetails": Object {
        "address": "0x996f42BdB0CB71F831C2eFB05Ac6d0d226979e5B",
        "decimals": 6,
      },
      "nativeEcosystemId": "ethereum",
      "projectId": "usdt",
      "wrappedDetails": Map {
        "solana" => Object {
          "address": "8Cfyi1mYXqKATUkMPvb9BMXikdbppJst6E7eQJkKjAtf",
          "decimals": 6,
        },
      },
    },
  },
  Object {
    "ecosystemId": "bnb",
    "tokenConfig": Object {
      "id": "testnet-bnb-busd",
      "nativeDetails": Object {
        "address": "0x92934a8b10DDF85e81B65Be1D6810544744700dC",
        "decimals": 18,
      },
      "nativeEcosystemId": "bnb",
      "projectId": "busd",
      "wrappedDetails": Map {
        "solana" => Object {
          "address": "6KTvgrkLoPJdB3Grv4ZBUGt6JiLdVnKzJNo4HvLEgm6d",
          "decimals": 8,
        },
      },
    },
  },
  Object {
    "ecosystemId": "bnb",
    "tokenConfig": Object {
      "id": "testnet-bnb-usdt",
      "nativeDetails": Object {
        "address": "0x98529E942FD121d9C470c3d4431A008257E0E714",
        "decimals": 18,
      },
      "nativeEcosystemId": "bnb",
      "projectId": "usdt",
      "wrappedDetails": Map {
        "solana" => Object {
          "address": "4dr6ogcLsaFf2RDF4LJU1CvNtNKxonVqQvM6vuGdVR1e",
          "decimals": 8,
        },
      },
    },
  },
  Object {
    "ecosystemId": "solana",
    "tokenConfig": Object {
      "id": "testnet-swimusd",
      "isDisabled": false,
      "nativeDetails": Object {
        "address": "3ngTtoyP9GFybFifX1dr7gCFXFiM2Wr6NfXn6EuU7k6C",
        "decimals": 6,
      },
      "nativeEcosystemId": "solana",
      "projectId": "swim-lp-solana-usdc-usdt",
      "wrappedDetails": Map {
        "aptos" => Object {
          "address": "0x30ab37efc691ea7202540b50f3f0f6b090adb143c0746fd49a7e4b7c5870ce8b::coin::T",
          "decimals": 6,
        },
        "acala" => Object {
          "address": "0x1111111111111111111111111111111111111111",
          "decimals": 6,
        },
        "aurora" => Object {
          "address": "0x1111111111111111111111111111111111111111",
          "decimals": 6,
        },
        "avalanche" => Object {
          "address": "0x1111111111111111111111111111111111111111",
          "decimals": 6,
        },
        "bnb" => Object {
          "address": "0x4c15919a4354b4416e7afcb9a27a118bc45818c0",
          "decimals": 6,
        },
        "ethereum" => Object {
          "address": "0x4873edbb0B4b5b48A6FBe50CacB85e58D0b62ab5",
          "decimals": 6,
        },
        "fantom" => Object {
          "address": "0x1111111111111111111111111111111111111111",
          "decimals": 6,
        },
        "karura" => Object {
          "address": "0x1111111111111111111111111111111111111111",
          "decimals": 6,
        },
        "polygon" => Object {
          "address": "0x1111111111111111111111111111111111111111",
          "decimals": 6,
        },
      },
    },
  },
  Object {
    "ecosystemId": "bnb",
    "tokenConfig": Object {
      "id": "testnet-swimusd",
      "isDisabled": false,
      "nativeDetails": Object {
        "address": "3ngTtoyP9GFybFifX1dr7gCFXFiM2Wr6NfXn6EuU7k6C",
        "decimals": 6,
      },
      "nativeEcosystemId": "solana",
      "projectId": "swim-lp-solana-usdc-usdt",
      "wrappedDetails": Map {
        "aptos" => Object {
          "address": "0x30ab37efc691ea7202540b50f3f0f6b090adb143c0746fd49a7e4b7c5870ce8b::coin::T",
          "decimals": 6,
        },
        "acala" => Object {
          "address": "0x1111111111111111111111111111111111111111",
          "decimals": 6,
        },
        "aurora" => Object {
          "address": "0x1111111111111111111111111111111111111111",
          "decimals": 6,
        },
        "avalanche" => Object {
          "address": "0x1111111111111111111111111111111111111111",
          "decimals": 6,
        },
        "bnb" => Object {
          "address": "0x4c15919a4354b4416e7afcb9a27a118bc45818c0",
          "decimals": 6,
        },
        "ethereum" => Object {
          "address": "0x4873edbb0B4b5b48A6FBe50CacB85e58D0b62ab5",
          "decimals": 6,
        },
        "fantom" => Object {
          "address": "0x1111111111111111111111111111111111111111",
          "decimals": 6,
        },
        "karura" => Object {
          "address": "0x1111111111111111111111111111111111111111",
          "decimals": 6,
        },
        "polygon" => Object {
          "address": "0x1111111111111111111111111111111111111111",
          "decimals": 6,
        },
      },
    },
  },
  Object {
    "ecosystemId": "ethereum",
    "tokenConfig": Object {
      "id": "testnet-swimusd",
      "isDisabled": false,
      "nativeDetails": Object {
        "address": "3ngTtoyP9GFybFifX1dr7gCFXFiM2Wr6NfXn6EuU7k6C",
        "decimals": 6,
      },
      "nativeEcosystemId": "solana",
      "projectId": "swim-lp-solana-usdc-usdt",
      "wrappedDetails": Map {
        "aptos" => Object {
          "address": "0x30ab37efc691ea7202540b50f3f0f6b090adb143c0746fd49a7e4b7c5870ce8b::coin::T",
          "decimals": 6,
        },
        "acala" => Object {
          "address": "0x1111111111111111111111111111111111111111",
          "decimals": 6,
        },
        "aurora" => Object {
          "address": "0x1111111111111111111111111111111111111111",
          "decimals": 6,
        },
        "avalanche" => Object {
          "address": "0x1111111111111111111111111111111111111111",
          "decimals": 6,
        },
        "bnb" => Object {
          "address": "0x4c15919a4354b4416e7afcb9a27a118bc45818c0",
          "decimals": 6,
        },
        "ethereum" => Object {
          "address": "0x4873edbb0B4b5b48A6FBe50CacB85e58D0b62ab5",
          "decimals": 6,
        },
        "fantom" => Object {
          "address": "0x1111111111111111111111111111111111111111",
          "decimals": 6,
        },
        "karura" => Object {
          "address": "0x1111111111111111111111111111111111111111",
          "decimals": 6,
        },
        "polygon" => Object {
          "address": "0x1111111111111111111111111111111111111111",
          "decimals": 6,
        },
      },
    },
  },
]
`;
